                ;~~~~~~~~~~~~~~~~~~~~~~~~~~~~~~~~~~~~~~~~~~~~~~~~~~~~~~~~~~~~~~~~~~~~~~~~~~~~~~~
                ;~~  [MyCA] Macro Cross Assembler V1.0 for MyCPU, (c) 2015 by Dennis Kuschel  ~~
                ;~~~~~~~~~~~~~~~~~~~~~~~~~~~~~~~~~~~~~~~~~~~~~~~~~~~~~~~~~~~~~~~~~~~~~~~~~~~~~~~

                ;[File: C:\Users\Robin\Desktop\MyCPU\software\asm\sl50seg7.asm]
                ;[ASCII]
                
                ;******************************************
                ;*******  2x7Seg-Display Driver  **********
                ;******************************************
                ;*******  2016 by Robin Tönniges  *********
                ;******************************************
                
                ;D0 = a
                ;D1 = b
                ;D2 = c
                ;D3 = d
                ;D4 = e
                ;D5 = f
                ;D6 = g
                ;D7 = dot
                
                ;Include
                ;[File: D:\Program Files (x86)\myca\include\library.hsm]
                ;[ASCII]
                
                ;[File: D:\Program Files (x86)\myca\include\code.hsm]
                ;[ASCII]
                
                KERN_ADAPTOPCODES   EQU 02C4h
                KERN_EXECUTEFILE    EQU 02BEh
                KERN_EXITTSR        EQU 02C2h
                KERN_KILLPROGRAM    EQU 02C0h
                KERN_KILLPROGEX     EQU 0328h
                KERN_SPECROMCALL    EQU 02B6h
                KERN_CALLFROMROM    EQU 02B8h
                KERN_CALLROM        EQU 02BAh
                KERN_LIBCALL        EQU 02CAh
                KERN_LIBSELECT      EQU 02CCh
                KERN_LIBDESELECT    EQU 02CEh
                KERN_LIBUNLOAD      EQU 02D0h
                KERN_ISLOADED       EQU 02D2h
                KERN_ASSERT         EQU 0326h
                
                REG_ROMPAGE  SET 3900h
                
                ;[File: D:\Program Files (x86)\myca\include\library.hsm]
                
                ORG 8000h
    8000 0280    DW 8002h
    8002 0880    DW disp__func
    8004 2580    DW termfunc
    8006 0880    DW codestart
                
                ;[File: C:\Users\Robin\Desktop\MyCPU\software\asm\sl50seg7.asm]
                ;[File: D:\Program Files (x86)\myca\include\ctype.hsm]
                ;[ASCII]
                
                KERN_ISPRINTABLE    EQU 024Eh
                KERN_ISCTRLCHAR     EQU 0250h
                KERN_ISALPHA        EQU 0252h
                KERN_ISDIGIT        EQU 0254h
                KERN_ASCIIPETSCII   EQU 0256h
                KERN_STRING2NUMBER  EQU 0262h
                
                ;[File: C:\Users\Robin\Desktop\MyCPU\software\asm\sl50seg7.asm]
                ;Declare variables
                DISPLAY    EQU 3000h ;7Segement display adress (3000h - 3001h)
                
                ;Constants for diplay with common anode!
                CONST_0   EQU C0h
                CONST_1   EQU F9h
                CONST_2   EQU A4h
                CONST_3   EQU B0h
                CONST_4   EQU 99h
                CONST_5   EQU 92h
                CONST_6   EQU 82h
                CONST_7   EQU F8h
                CONST_8   EQU 80h
                CONST_9   EQU 90h
                CONST_A   EQU 88h
                CONST_B   EQU 83h
                CONST_C   EQU C6h
                CONST_D   EQU A1h
                CONST_E   EQU 86h
                CONST_F   EQU 8Eh
                
                ;Program start
                codestart
                ;[File: D:\Program Files (x86)\myca\include\library.hsm]
                ;[ASCII]
                
                disp__func
    8008 E000      ORA #0
    800A 182780    JNZ funcdispatch
    800D 04        CLC
    800E 1BD202    JSR (KERN_ISLOADED)
    8011 2C        CLA
    8012 171F80    JPC exit_lib
    8015 1A2080    JSR initfunc
    8018 20        TAX
    8019 181F80    JNZ exit_lib
    801C 11C202    JMP (KERN_EXITTSR)
                exit_lib
    801F 1F        RTS
                
                ;[File: C:\Users\Robin\Desktop\MyCPU\software\asm\sl50seg7.asm]
                initfunc
    8020 1A6780         JSR func_clearDisplay        
    8023 2C             CLA
    8024 1F             RTS
                
                termfunc
    8025 2C             CLA
    8026 1F             RTS     
                
                funcdispatch
    8027 9B             DEC ;Accu = 1
    8028 193880         JPZ  func_dispHex
    802B 9B             DEC ;Accu = 2
    802C 194E80         JPZ  func_dispDec
    802F 9B             DEC ;Accu = 3
    8030 196780         JPZ  func_clearDisplay
    8033 9B             DEC ;Accu = 4
    8034 197380         JPZ  func_getEntryPoint
    8037 1F             RTS
                
                func_dispHex
    8038 28             SAX
                        ;low nibble
    8039 08             PHA
    803A D00F           AND #0Fh
    803C 1A7880         JSR getSeg
    803F 420030         STAA DISPLAY
                
                        ;high nibble
    8042 0C             PLA
    8043 40             SWP
    8044 D00F           AND #0Fh
    8046 1A7880         JSR getSeg
    8049 420130         STAA DISPLAY+1
    804C 2C             CLA
    804D 1F             RTS
                
                func_dispDec
    804E 28             SAX
                        ;ones
    804F 08             PHA
    8050 C00A           MOD #10
    8052 D00F           AND #0Fh
    8054 1A7880         JSR getSeg
    8057 420030         STAA DISPLAY
                
                        ;tens
    805A 0C             PLA
    805B B00A           DIV #10
    805D D00F           AND #0Fh
    805F 1A7880         JSR getSeg
    8062 420130         STAA DISPLAY+1
    8065 2C             CLA
    8066 1F             RTS
                
                func_clearDisplay
    8067 30FF           LDA #FFh
    8069 420030         STAA DISPLAY    
    806C 30FF           LDA #FFh
    806E 420130         STAA DISPLAY+1
    8071 2C             CLA
    8072 1F             RTS
                
                func_getEntryPoint
    8073 6C2780         LPT #funcdispatch
    8076 2C             CLA
    8077 1F             RTS
                
                getSeg
    8078 7000           CMP #00h
    807A 188280         JNZ _01
    807D 30C0           LDA #CONST_0
    807F 101581         JMP _RTS
    8082 7001   _01     CMP #01h
    8084 188C80         JNZ _02
    8087 30F9           LDA #CONST_1
    8089 101581         JMP _RTS
    808C 7002   _02     CMP #02h
    808E 189680         JNZ _03
    8091 30A4           LDA #CONST_2
    8093 101581         JMP _RTS
    8096 7003   _03     CMP #03h
    8098 18A080         JNZ _04
    809B 30B0           LDA #CONST_3
    809D 101581         JMP _RTS
    80A0 7004   _04     CMP #04h
    80A2 18AA80         JNZ _05
    80A5 3099           LDA #CONST_4
    80A7 101581         JMP _RTS
    80AA 7005   _05     CMP #05h
    80AC 18B480         JNZ _06
    80AF 3092           LDA #CONST_5
    80B1 101581         JMP _RTS
    80B4 7006   _06     CMP #06h
    80B6 18BE80         JNZ _07
    80B9 3082           LDA #CONST_6
    80BB 101581         JMP _RTS
    80BE 7007   _07     CMP #07h
    80C0 18C880         JNZ _08
    80C3 30F8           LDA #CONST_7
    80C5 101581         JMP _RTS
    80C8 7008   _08     CMP #08h
    80CA 18D280         JNZ _09
    80CD 3080           LDA #CONST_8
    80CF 101581         JMP _RTS
    80D2 7009   _09     CMP #09h
    80D4 18DC80         JNZ _0A
    80D7 3090           LDA #CONST_9
    80D9 101581         JMP _RTS
    80DC 700A   _0A     CMP #0Ah
    80DE 18E680         JNZ _0B
    80E1 3088           LDA #CONST_A
    80E3 101581         JMP _RTS
    80E6 700B   _0B     CMP #0Bh
    80E8 18F080         JNZ _0C
    80EB 3083           LDA #CONST_B
    80ED 101581         JMP _RTS
    80F0 700C   _0C     CMP #0Ch
    80F2 18FA80         JNZ _0D
    80F5 30C6           LDA #CONST_C
    80F7 101581         JMP _RTS
    80FA 700D   _0D     CMP #0Dh
    80FC 180481         JNZ _0E
    80FF 30A1           LDA #CONST_D
    8101 101581         JMP _RTS
    8104 700E   _0E     CMP #0Eh
    8106 180E81         JNZ _0F
    8109 3086           LDA #CONST_E
    810B 101581         JMP _RTS
    810E 700F   _0F     CMP #0Fh
    8110 181581         JNZ _RTS
    8113 308E           LDA #CONST_F
                
    8115 1F     _RTS    RTS
                


Segment Table:
**************
Segment Name                 Startaddr  Endaddr     Size  Type
=========================================================================
default                           8000     8116      116  CODE  fixed
- - - - - - - - - - - - - - - - - - - - - - - - - - - - - - - - - - - - -

No errors found.
